
> my-project@0.1.0 build
> next build

▲ Next.js 16.3.3 (Turbopack)
✓ Running next.config.mjs took 29ms

  Creating an optimized production build ...
✓ Compiled successfully in 1442ms
  Skipping validation of types
  Finished TypeScript config validation in 11ms ...
  Collecting page data using 7 workers ...
  Generating static pages using 7 workers (0/7) ...
  Generating static pages using 7 workers (1/7) 
  Generating static pages using 7 workers (3/7) 
  Generating static pages using 7 workers (5/7) 
✓ Generating static pages using 7 workers (7/7) in 989ms
  Finalizing page optimization ...

Route (app)
┌ ○ /
├ ○ /_not-found
├ ○ /factory
├ ○ /quote
├ ○ /showroom
└ ○ /standards


○  (Static)  prerendered as static content

